\BOOKMARK [1][-]{section.1}{\376\377\0001\000.\000\040\000E\000x\000e\000c\000u\000t\000i\000v\000e\000\040\000S\000u\000m\000m\000a\000r\000y}{}% 1
\BOOKMARK [1][-]{section.2}{\376\377\0002\000.\000\040\000C\000u\000r\000r\000e\000n\000t\000\040\000C\000l\000o\000s\000u\000r\000e\000\040\000S\000t\000a\000t\000u\000s}{}% 2
\BOOKMARK [1][-]{section.3}{\376\377\0003\000.\000\040\000C\000o\000m\000p\000l\000e\000t\000e\000\040\000E\000x\000i\000t\000\040\000a\000n\000d\000\040\000R\000e\000r\000o\000u\000t\000i\000n\000g\000\040\000L\000e\000d\000g\000e\000r}{}% 3
\BOOKMARK [2][-]{subsection.3.1}{\376\377\0003\000.\0001\000.\000\040\000G\000l\000o\000b\000a\000l\000\040\000a\000n\000d\000\040\000S\000e\000t\000u\000p\000\040\000E\000x\000i\000t\000s}{section.3}% 4
\BOOKMARK [2][-]{subsection.3.2}{\376\377\0003\000.\0002\000.\000\040\000D\000i\000r\000e\000c\000t\000\040\000T\000y\000p\000e\000\040\000I\000\040\000E\000x\000i\000t\000s}{section.3}% 5
\BOOKMARK [2][-]{subsection.3.3}{\376\377\0003\000.\0003\000.\000\040\000T\000y\000p\000e\000\040\000I\000\040\000R\000e\000s\000i\000d\000u\000a\000l\000\040\000E\000x\000i\000t\000s}{section.3}% 6
\BOOKMARK [2][-]{subsection.3.4}{\376\377\0003\000.\0004\000.\000\040\000T\000y\000p\000e\000\040\000I\000I\000\040\000E\000x\000i\000t\000s}{section.3}% 7
\BOOKMARK [1][-]{section.4}{\376\377\0004\000.\000\040\000R\000e\000f\000e\000r\000e\000e\000\040\000N\000a\000v\000i\000g\000a\000t\000i\000o\000n\000\040\000G\000u\000i\000d\000e}{}% 8
\BOOKMARK [1][-]{section.5}{\376\377\0005\000.\000\040\000L\000a\000t\000e\000s\000t\000\040\000S\000t\000r\000a\000t\000e\000g\000y\000\040\000R\000e\000f\000i\000n\000e\000m\000e\000n\000t}{}% 9
\BOOKMARK [1][-]{section.6}{\376\377\0006\000.\000\040\000S\000t\000a\000t\000e\000-\000S\000p\000a\000c\000e\000\040\000D\000e\000c\000i\000s\000i\000o\000n\000\040\000T\000r\000e\000e\000s}{}% 10
\BOOKMARK [2][-]{subsection.6.1}{\376\377\0006\000.\0001\000.\000\040\000G\000l\000o\000b\000a\000l\000\040\000S\000i\000n\000g\000u\000l\000a\000r\000i\000t\000y\000\040\000R\000o\000u\000t\000i\000n\000g}{section.6}% 11
\BOOKMARK [2][-]{subsection.6.2}{\376\377\0006\000.\0002\000.\000\040\000T\000y\000p\000e\000\040\000I\000\040\000R\000e\000s\000i\000d\000u\000a\000l\000\040\000D\000e\000c\000i\000s\000i\000o\000n\000\040\000T\000r\000e\000e}{section.6}% 12
\BOOKMARK [2][-]{subsection.6.3}{\376\377\0006\000.\0003\000.\000\040\000P\000a\000p\000e\000r\000\040\000I\000V\000\040\000R\000e\000s\000i\000d\000u\000a\000l\000\040\000B\000r\000a\000n\000c\000h\000\040\000D\000e\000t\000a\000i\000l\000e\000d\000\040\000T\000r\000e\000e}{section.6}% 13
\BOOKMARK [2][-]{subsection.6.4}{\376\377\0006\000.\0004\000.\000\040\000T\000y\000p\000e\000\040\000I\000I\000\040\000S\000t\000a\000t\000e\000-\000S\000p\000a\000c\000e\000\040\000D\000e\000c\000i\000s\000i\000o\000n\000\040\000T\000r\000e\000e}{section.6}% 14
\BOOKMARK [2][-]{subsection.6.5}{\376\377\0006\000.\0005\000.\000\040\000C\000o\000s\000t\000\040\000a\000n\000d\000\040\000C\000a\000r\000r\000i\000e\000r\000\040\000S\000u\000b\000t\000r\000e\000e}{section.6}% 15
\BOOKMARK [1][-]{section.7}{\376\377\0007\000.\000\040\000D\000i\000a\000g\000r\000a\000m\000\040\000E\000d\000g\000e\000\040\000A\000u\000d\000i\000t}{}% 16
\BOOKMARK [2][-]{subsection.7.1}{\376\377\0007\000.\0001\000.\000\040\000G\000l\000o\000b\000a\000l\000\040\000R\000o\000u\000t\000i\000n\000g\000\040\000E\000d\000g\000e\000s}{section.7}% 17
\BOOKMARK [2][-]{subsection.7.2}{\376\377\0007\000.\0002\000.\000\040\000T\000y\000p\000e\000\040\000I\000\040\000R\000e\000s\000i\000d\000u\000a\000l\000\040\000E\000d\000g\000e\000s}{section.7}% 18
\BOOKMARK [2][-]{subsection.7.3}{\376\377\0007\000.\0003\000.\000\040\000T\000y\000p\000e\000\040\000I\000I\000\040\000E\000d\000g\000e\000s}{section.7}% 19
\BOOKMARK [2][-]{subsection.7.4}{\376\377\0007\000.\0004\000.\000\040\000C\000o\000s\000t\000\040\000a\000n\000d\000\040\000C\000a\000r\000r\000i\000e\000r\000\040\000S\000u\000b\000t\000r\000e\000e\000\040\000E\000d\000g\000e\000s}{section.7}% 20
\BOOKMARK [1][-]{section.8}{\376\377\0008\000.\000\040\000W\000h\000a\000t\000\040\000I\000s\000\040\000N\000o\000v\000e\000l\000\040\000o\000r\000\040\000I\000n\000t\000e\000r\000e\000s\000t\000i\000n\000g\000\040\000t\000o\000\040\000a\000\040\000P\000D\000E\000\040\000E\000x\000p\000e\000r\000t}{}% 21
\BOOKMARK [1][-]{section.9}{\376\377\0009\000.\000\040\000S\000t\000r\000a\000t\000e\000g\000y\000-\000L\000e\000v\000e\000l\000\040\000P\000o\000r\000t\000a\000b\000i\000l\000i\000t\000y\000\040\000B\000e\000y\000o\000n\000d\000\040\000T\000h\000i\000s\000\040\000P\000a\000r\000t\000i\000c\000u\000l\000a\000r\000\040\000P\000r\000o\000o\000f}{}% 22
\BOOKMARK [1][-]{section.10}{\376\377\0001\0000\000.\000\040\000T\000h\000e\000\040\000C\000e\000n\000t\000r\000a\000l\000\040\000I\000d\000e\000a\000:\000\040\000S\000t\000r\000a\000t\000i\000f\000y\000\040\000t\000h\000e\000\040\000S\000t\000a\000t\000e\000\040\000S\000p\000a\000c\000e\000\040\000B\000e\000f\000o\000r\000e\000\040\000T\000r\000y\000i\000n\000g\000\040\000t\000o\000\040\000P\000r\000o\000v\000e\000\040\000R\000i\000g\000i\000d\000i\000t\000y}{}% 23
\BOOKMARK [1][-]{section.11}{\376\377\0001\0001\000.\000\040\000T\000h\000e\000\040\000F\000i\000r\000s\000t\000\040\000G\000a\000t\000e\000:\000\040\000L\000o\000c\000a\000l\000\040\000C\000o\000n\000c\000e\000n\000t\000r\000a\000t\000i\000o\000n\000\040\000a\000n\000d\000\040\000t\000h\000e\000\040\000V\000a\000n\000i\000s\000h\000i\000n\000g\000\040\000B\000r\000a\000n\000c\000h}{}% 24
\BOOKMARK [1][-]{section.12}{\376\377\0001\0002\000.\000\040\000T\000h\000e\000\040\000S\000e\000c\000o\000n\000d\000\040\000G\000a\000t\000e\000:\000\040\000T\000y\000p\000e\000\040\000I\000\040\000V\000e\000r\000s\000u\000s\000\040\000T\000y\000p\000e\000\040\000I\000I}{}% 25
\BOOKMARK [1][-]{section.13}{\376\377\0001\0003\000.\000\040\000T\000h\000e\000\040\000T\000y\000p\000e\000\040\000I\000\040\000B\000r\000a\000n\000c\000h\000:\000\040\000F\000r\000o\000m\000\040\000a\000\040\000S\000i\000n\000g\000u\000l\000a\000r\000\040\000P\000o\000i\000n\000t\000\040\000t\000o\000\040\000a\000\040\000B\000o\000u\000n\000d\000e\000d\000\040\000C\000e\000n\000t\000e\000r\000e\000d\000\040\000A\000n\000c\000i\000e\000n\000t\000\040\000S\000t\000a\000t\000e}{}% 26
\BOOKMARK [2][-]{subsection.13.1}{\376\377\0001\0003\000.\0001\000.\000\040\000W\000h\000y\000\040\000S\000e\000r\000e\000g\000i\000n\000\040\000E\000x\000t\000r\000a\000c\000t\000i\000o\000n\000\040\000I\000s\000\040\000U\000s\000e\000d}{section.13}% 27
\BOOKMARK [2][-]{subsection.13.2}{\376\377\0001\0003\000.\0002\000.\000\040\000T\000h\000e\000\040\000F\000i\000r\000s\000t\000\040\000T\000y\000p\000e\000\040\000I\000\040\000S\000t\000a\000t\000e\000-\000S\000p\000a\000c\000e\000\040\000P\000a\000r\000t\000i\000t\000i\000o\000n}{section.13}% 28
\BOOKMARK [1][-]{section.14}{\376\377\0001\0004\000.\000\040\000T\000h\000e\000\040\000N\000o\000n\000-\000R\000e\000s\000i\000d\000u\000a\000l\000\040\000T\000y\000p\000e\000\040\000I\000\040\000T\000o\000o\000l\000s}{}% 29
\BOOKMARK [1][-]{section.15}{\376\377\0001\0005\000.\000\040\000T\000h\000e\000\040\000R\000e\000s\000i\000d\000u\000a\000l\000\040\000T\000y\000p\000e\000\040\000I\000\040\000B\000r\000a\000n\000c\000h\000:\000\040\000W\000h\000y\000\040\000a\000\040\000S\000e\000c\000o\000n\000d\000\040\000P\000a\000p\000e\000r\000\040\000I\000s\000\040\000N\000e\000e\000d\000e\000d}{}% 30
\BOOKMARK [2][-]{subsection.15.1}{\376\377\0001\0005\000.\0001\000.\000\040\000R\000e\000s\000i\000d\000u\000a\000l\000\040\000T\000y\000p\000e\000\040\000I\000\040\000T\000a\000x\000o\000n\000o\000m\000y}{section.15}% 31
\BOOKMARK [2][-]{subsection.15.2}{\376\377\0001\0005\000.\0002\000.\000\040\000W\000h\000y\000\040\000t\000h\000e\000\040\000R\000e\000s\000i\000d\000u\000a\000l\000\040\000T\000o\000o\000l\000s\000\040\000A\000r\000e\000\040\000D\000i\000f\000f\000e\000r\000e\000n\000t}{section.15}% 32
\BOOKMARK [1][-]{section.16}{\376\377\0001\0006\000.\000\040\000T\000h\000e\000\040\000T\000y\000p\000e\000\040\000I\000\040\000A\000s\000s\000e\000m\000b\000l\000y}{}% 33
\BOOKMARK [1][-]{section.17}{\376\377\0001\0007\000.\000\040\000T\000h\000e\000\040\000T\000y\000p\000e\000\040\000I\000I\000\040\000B\000r\000a\000n\000c\000h\000:\000\040\000W\000h\000a\000t\000\040\000H\000a\000s\000\040\000t\000o\000\040\000B\000e\000\040\000C\000l\000a\000s\000s\000i\000f\000i\000e\000d}{}% 34
\BOOKMARK [2][-]{subsection.17.1}{\376\377\0001\0007\000.\0001\000.\000\040\000W\000h\000y\000\040\000R\000e\000p\000a\000i\000r\000e\000d\000\040\000G\000a\000u\000g\000e\000s\000\040\000A\000r\000e\000\040\000U\000s\000e\000d}{section.17}% 35
\BOOKMARK [1][-]{section.18}{\376\377\0001\0008\000.\000\040\000T\000y\000p\000e\000\040\000I\000I\000\040\000S\000t\000a\000t\000e\000-\000S\000p\000a\000c\000e\000\040\000P\000a\000r\000t\000i\000t\000i\000o\000n}{}% 36
\BOOKMARK [2][-]{subsection.18.1}{\376\377\0001\0008\000.\0001\000.\000\040\000C\000o\000m\000p\000a\000c\000t\000\040\000S\000i\000n\000g\000l\000e\000-\000C\000o\000r\000e\000\040\000B\000r\000a\000n\000c\000h}{section.18}% 37
\BOOKMARK [2][-]{subsection.18.2}{\376\377\0001\0008\000.\0002\000.\000\040\000M\000u\000l\000t\000i\000b\000u\000b\000b\000l\000e\000\040\000a\000n\000d\000\040\000C\000a\000s\000c\000a\000d\000e\000\040\000B\000r\000a\000n\000c\000h\000e\000s}{section.18}% 38
\BOOKMARK [2][-]{subsection.18.3}{\376\377\0001\0008\000.\0003\000.\000\040\000R\000o\000u\000g\000h\000-\000C\000o\000r\000e\000\040\000B\000r\000a\000n\000c\000h}{section.18}% 39
\BOOKMARK [2][-]{subsection.18.4}{\376\377\0001\0008\000.\0004\000.\000\040\000S\000c\000a\000l\000e\000-\000C\000o\000l\000l\000a\000p\000s\000e\000\040\000B\000r\000a\000n\000c\000h}{section.18}% 40
\BOOKMARK [2][-]{subsection.18.5}{\376\377\0001\0008\000.\0005\000.\000\040\000R\000e\000t\000a\000i\000n\000e\000d\000\040\000C\000o\000m\000p\000a\000c\000t\000\040\000C\000o\000s\000t\000\040\000a\000n\000d\000\040\000C\000a\000r\000r\000i\000e\000r\000\040\000R\000o\000u\000t\000i\000n\000g}{section.18}% 41
\BOOKMARK [2][-]{subsection.18.6}{\376\377\0001\0008\000.\0006\000.\000\040\000T\000e\000r\000m\000i\000n\000a\000l\000\040\000T\000y\000p\000e\000\040\000I\000I\000\040\000S\000t\000a\000t\000e\000s}{section.18}% 42
\BOOKMARK [1][-]{section.19}{\376\377\0001\0009\000.\000\040\000T\000o\000o\000l\000\040\000M\000a\000p\000\040\000A\000c\000r\000o\000s\000s\000\040\000t\000h\000e\000\040\000W\000h\000o\000l\000e\000\040\000P\000r\000o\000o\000f}{}% 43
\BOOKMARK [1][-]{section.20}{\376\377\0002\0000\000.\000\040\000T\000h\000e\000\040\000F\000u\000l\000l\000\040\000S\000i\000n\000g\000u\000l\000a\000r\000i\000t\000y\000\040\000T\000a\000x\000o\000n\000o\000m\000y}{}% 44
\BOOKMARK [1][-]{section.21}{\376\377\0002\0001\000.\000\040\000H\000o\000w\000\040\000t\000h\000e\000\040\000S\000t\000a\000t\000e\000-\000S\000p\000a\000c\000e\000\040\000P\000a\000r\000t\000i\000t\000i\000o\000n\000\040\000I\000s\000\040\000A\000c\000t\000u\000a\000l\000l\000y\000\040\000D\000o\000n\000e}{}% 45
\BOOKMARK [2][-]{subsection.21.1}{\376\377\0002\0001\000.\0001\000.\000\040\000S\000t\000e\000p\000\040\0001\000:\000\040\000T\000e\000s\000t\000\040\000f\000o\000r\000\040\000C\000r\000i\000t\000i\000c\000a\000l\000\040\000C\000o\000n\000c\000e\000n\000t\000r\000a\000t\000i\000o\000n}{section.21}% 46
\BOOKMARK [2][-]{subsection.21.2}{\376\377\0002\0001\000.\0002\000.\000\040\000S\000t\000e\000p\000\040\0002\000:\000\040\000T\000e\000s\000t\000\040\000t\000h\000e\000\040\000L\000o\000c\000a\000l\000\040\000T\000y\000p\000e\000\040\000I\000\040\000E\000n\000v\000e\000l\000o\000p\000e}{section.21}% 47
\BOOKMARK [2][-]{subsection.21.3}{\376\377\0002\0001\000.\0003\000.\000\040\000S\000t\000e\000p\000\040\0003\000A\000:\000\040\000P\000a\000r\000t\000i\000t\000i\000o\000n\000\040\000t\000h\000e\000\040\000T\000y\000p\000e\000\040\000I\000\040\000S\000e\000r\000e\000g\000i\000n\000\040\000C\000o\000l\000l\000e\000c\000t\000i\000o\000n}{section.21}% 48
\BOOKMARK [2][-]{subsection.21.4}{\376\377\0002\0001\000.\0004\000.\000\040\000S\000t\000e\000p\000\040\0003\000B\000:\000\040\000R\000e\000f\000i\000n\000e\000\040\000t\000h\000e\000\040\000T\000y\000p\000e\000\040\000I\000\040\000R\000e\000s\000i\000d\000u\000a\000l}{section.21}% 49
\BOOKMARK [2][-]{subsection.21.5}{\376\377\0002\0001\000.\0005\000.\000\040\000S\000t\000e\000p\000\040\0003\000C\000:\000\040\000P\000a\000r\000t\000i\000t\000i\000o\000n\000\040\000t\000h\000e\000\040\000T\000y\000p\000e\000\040\000I\000I\000\040\000B\000r\000a\000n\000c\000h}{section.21}% 50
\BOOKMARK [1][-]{section.22}{\376\377\0002\0002\000.\000\040\000W\000h\000y\000\040\000t\000h\000e\000\040\000A\000r\000c\000h\000i\000t\000e\000c\000t\000u\000r\000e\000\040\000I\000s\000\040\000E\000f\000f\000i\000c\000i\000e\000n\000t}{}% 51
\BOOKMARK [1][-]{section.23}{\376\377\0002\0003\000.\000\040\000W\000h\000a\000t\000\040\000I\000s\000\040\000N\000o\000t\000\040\000B\000e\000i\000n\000g\000\040\000A\000s\000s\000u\000m\000e\000d\000\040\000S\000i\000l\000e\000n\000t\000l\000y}{}% 52
\BOOKMARK [1][-]{section.24}{\376\377\0002\0004\000.\000\040\000C\000l\000o\000s\000u\000r\000e\000\040\000L\000e\000d\000g\000e\000r}{}% 53
\BOOKMARK [1][-]{section.25}{\376\377\0002\0005\000.\000\040\000F\000i\000n\000a\000l\000\040\000A\000s\000s\000e\000m\000b\000l\000y\000\040\000M\000a\000t\000r\000i\000x}{}% 54
\BOOKMARK [1][-]{section.26}{\376\377\0002\0006\000.\000\040\000P\000e\000r\000-\000N\000o\000d\000e\000\040\000C\000a\000p\000s\000u\000l\000e\000\040\000T\000e\000m\000p\000l\000a\000t\000e\000s}{}% 55
\BOOKMARK [2][-]{subsection.26.1}{\376\377\0002\0006\000.\0001\000.\000\040\000G\000l\000o\000b\000a\000l\000\040\000a\000n\000d\000\040\000s\000e\000t\000u\000p\000\040\000c\000a\000p\000s\000u\000l\000e\000s}{section.26}% 56
\BOOKMARK [2][-]{subsection.26.2}{\376\377\0002\0006\000.\0002\000.\000\040\000D\000i\000r\000e\000c\000t\000\040\000T\000y\000p\000e\000\040\000I\000\040\000c\000a\000p\000s\000u\000l\000e\000s}{section.26}% 57
\BOOKMARK [2][-]{subsection.26.3}{\376\377\0002\0006\000.\0003\000.\000\040\000T\000y\000p\000e\000\040\000I\000\040\000r\000e\000s\000i\000d\000u\000a\000l\000\040\000c\000a\000p\000s\000u\000l\000e\000s}{section.26}% 58
\BOOKMARK [2][-]{subsection.26.4}{\376\377\0002\0006\000.\0004\000.\000\040\000T\000y\000p\000e\000\040\000I\000I\000\040\000c\000a\000p\000s\000u\000l\000e\000s}{section.26}% 59
\BOOKMARK [2][-]{subsection.26.5}{\376\377\0002\0006\000.\0005\000.\000\040\000C\000o\000s\000t\000\040\000/\000\040\000c\000a\000r\000r\000i\000e\000r\000\040\000s\000u\000b\000t\000r\000e\000e\000\040\000m\000i\000c\000r\000o\000-\000c\000a\000p\000s\000u\000l\000e\000s}{section.26}% 60
\BOOKMARK [2][-]{subsection.26.6}{\376\377\0002\0006\000.\0006\000.\000\040\000C\000o\000v\000e\000r\000a\000g\000e\000\040\000a\000n\000d\000\040\000c\000r\000o\000s\000s\000-\000c\000h\000e\000c\000k\000s}{section.26}% 61
\BOOKMARK [1][-]{section.27}{\376\377\0002\0007\000.\000\040\000C\000o\000m\000p\000l\000e\000t\000e\000\040\000T\000h\000e\000o\000r\000e\000m\000\040\000L\000a\000b\000e\000l\000\040\000R\000e\000g\000i\000s\000t\000e\000r}{}% 62
\BOOKMARK [2][-]{subsection.27.1}{\376\377\0002\0007\000.\0001\000.\000\040\000p\000r\000o\000o\000f\000\040\000s\000e\000t\000u\000p\000.\000t\000e\000x}{section.27}% 63
\BOOKMARK [2][-]{subsection.27.2}{\376\377\0002\0007\000.\0002\000.\000\040\000p\000a\000p\000e\000r\000I\000V\000\040\000r\000e\000s\000i\000d\000u\000a\000l\000\040\000b\000r\000a\000n\000c\000h\000.\000t\000e\000x}{section.27}% 64
\BOOKMARK [2][-]{subsection.27.3}{\376\377\0002\0007\000.\0003\000.\000\040\000t\000y\000p\000e\000\040\000I\000I\000\040\000r\000e\000g\000u\000l\000a\000r\000i\000t\000y\000.\000t\000e\000x}{section.27}% 65
