\BOOKMARK [1][-]{section*.2}{\376\377\000I\000n\000t\000r\000o\000d\000u\000c\000t\000i\000o\000n\000\040\000a\000n\000d\000\040\000S\000t\000r\000u\000c\000t\000u\000r\000e\000\040\000o\000f\000\040\000t\000h\000e\000\040\000A\000r\000g\000u\000m\000e\000n\000t}{}% 1
\BOOKMARK [1][-]{section*.3}{\376\377\000P\000a\000r\000t\000\040\000I\000.\000\040\000L\000o\000c\000a\000l\000\040\000C\000o\000n\000c\000e\000n\000t\000r\000a\000t\000i\000o\000n\000\040\000a\000n\000d\000\040\000t\000h\000e\000\040\000T\000y\000p\000e\000\040\000I\000/\000T\000y\000p\000e\000\040\000I\000I\000\040\000D\000i\000c\000h\000o\000t\000o\000m\000y}{}% 2
\BOOKMARK [2][-]{section*.4}{\376\377\000O\000v\000e\000r\000v\000i\000e\000w}{section*.3}% 3
\BOOKMARK [1][-]{section.1}{\376\377\0001\000.\000\040\000I\000n\000t\000r\000o\000d\000u\000c\000t\000i\000o\000n}{}% 4
\BOOKMARK [1][-]{section.2}{\376\377\0002\000.\000\040\000S\000u\000i\000t\000a\000b\000l\000e\000\040\000W\000e\000a\000k\000\040\000S\000o\000l\000u\000t\000i\000o\000n\000s\000\040\000a\000n\000d\000\040\000S\000i\000n\000g\000u\000l\000a\000r\000\040\000P\000o\000i\000n\000t\000s}{}% 5
\BOOKMARK [1][-]{section.3}{\376\377\0003\000.\000\040\000P\000a\000r\000a\000b\000o\000l\000i\000c\000\040\000R\000e\000s\000c\000a\000l\000i\000n\000g\000\040\000a\000n\000d\000\040\000S\000c\000a\000l\000e\000-\000I\000n\000v\000a\000r\000i\000a\000n\000t\000\040\000Q\000u\000a\000n\000t\000i\000t\000i\000e\000s}{}% 6
\BOOKMARK [1][-]{section.4}{\376\377\0004\000.\000\040\000E\000p\000s\000i\000l\000o\000n\000-\000R\000e\000g\000u\000l\000a\000r\000i\000t\000y\000\040\000a\000n\000d\000\040\000t\000h\000e\000\040\000V\000a\000n\000i\000s\000h\000i\000n\000g\000\040\000C\000a\000s\000e}{}% 7
\BOOKMARK [1][-]{section.5}{\376\377\0005\000.\000\040\000P\000o\000s\000i\000t\000i\000v\000e\000\040\000L\000o\000c\000a\000l\000\040\000C\000o\000n\000c\000e\000n\000t\000r\000a\000t\000i\000o\000n}{}% 8
\BOOKMARK [1][-]{section.6}{\376\377\0006\000.\000\040\000N\000o\000-\000E\000s\000c\000a\000p\000e\000\040\000f\000o\000r\000\040\000F\000i\000n\000i\000t\000e\000-\000E\000n\000e\000r\000g\000y\000\040\000T\000y\000p\000e\000\040\000I\000\040\000S\000i\000n\000g\000u\000l\000a\000r\000i\000t\000i\000e\000s}{}% 9
\BOOKMARK [1][-]{section.7}{\376\377\0007\000.\000\040\000T\000h\000e\000\040\000T\000y\000p\000e\000\040\000I\000/\000T\000y\000p\000e\000\040\000I\000I\000\040\000B\000l\000o\000w\000-\000U\000p\000\040\000R\000a\000t\000e\000\040\000D\000i\000c\000h\000o\000t\000o\000m\000y}{}% 10
\BOOKMARK [1][-]{section.8}{\376\377\0008\000.\000\040\000L\000o\000c\000a\000l\000\040\000P\000o\000i\000n\000t\000w\000i\000s\000e\000\040\000T\000y\000p\000e\000\040\000I\000\040\000R\000e\000d\000u\000c\000t\000i\000o\000n\000\040\000t\000o\000\040\000S\000e\000r\000e\000g\000i\000n\000\040\000E\000x\000t\000r\000a\000c\000t\000i\000o\000n}{}% 11
\BOOKMARK [1][-]{section*.5}{\376\377\000P\000a\000r\000t\000\040\000I\000I\000.\000\040\000T\000y\000p\000e\000\040\000I\000\040\000B\000l\000o\000w\000-\000u\000p\000\040\000L\000i\000m\000i\000t\000s\000\040\000a\000n\000d\000\040\000t\000h\000e\000\040\000R\000e\000s\000i\000d\000u\000a\000l\000\040\000H\000y\000p\000o\000t\000h\000e\000s\000i\000s}{}% 12
\BOOKMARK [2][-]{section*.6}{\376\377\000O\000v\000e\000r\000v\000i\000e\000w}{section*.5}% 13
\BOOKMARK [1][-]{section.9}{\376\377\0009\000.\000\040\000I\000n\000t\000r\000o\000d\000u\000c\000t\000i\000o\000n\000\040\000a\000n\000d\000\040\000m\000a\000i\000n\000\040\000r\000e\000s\000u\000l\000t\000s}{}% 14
\BOOKMARK [2][-]{subsection.9.1}{\376\377\0009\000.\0001\000.\000\040\000T\000y\000p\000e\000\040\000I\000\040\000b\000l\000o\000w\000-\000u\000p\000\040\000l\000i\000m\000i\000t\000s}{section.9}% 15
\BOOKMARK [2][-]{subsection.9.2}{\376\377\0009\000.\0002\000.\000\040\000N\000o\000r\000m\000a\000l\000i\000z\000e\000d\000\040\000S\000e\000r\000e\000g\000i\000n\000\040\000l\000i\000m\000i\000t\000s}{section.9}% 16
\BOOKMARK [2][-]{subsection.9.3}{\376\377\0009\000.\0003\000.\000\040\000L\000i\000o\000u\000v\000i\000l\000l\000e\000\040\000a\000l\000t\000e\000r\000n\000a\000t\000i\000v\000e\000s\000\040\000a\000n\000d\000\040\000t\000h\000e\000\040\000r\000e\000m\000a\000i\000n\000i\000n\000g\000\040\000c\000a\000s\000e}{section.9}% 17
\BOOKMARK [2][-]{subsection.9.4}{\376\377\0009\000.\0004\000.\000\040\000M\000a\000i\000n\000\040\000t\000h\000e\000o\000r\000e\000m\000s}{section.9}% 18
\BOOKMARK [2][-]{subsection.9.5}{\376\377\0009\000.\0005\000.\000\040\000D\000e\000p\000e\000n\000d\000e\000n\000c\000i\000e\000s\000\040\000a\000n\000d\000\040\000c\000o\000n\000d\000i\000t\000i\000o\000n\000a\000l\000\040\000h\000y\000p\000o\000t\000h\000e\000s\000i\000s}{section.9}% 19
\BOOKMARK [2][-]{subsection.9.6}{\376\377\0009\000.\0006\000.\000\040\000O\000r\000g\000a\000n\000i\000z\000a\000t\000i\000o\000n}{section.9}% 20
\BOOKMARK [1][-]{section.10}{\376\377\0001\0000\000.\000\040\000S\000u\000i\000t\000a\000b\000l\000e\000\040\000s\000o\000l\000u\000t\000i\000o\000n\000s\000,\000\040\000s\000c\000a\000l\000e\000-\000i\000n\000v\000a\000r\000i\000a\000n\000t\000\040\000q\000u\000a\000n\000t\000i\000t\000i\000e\000s\000,\000\040\000a\000n\000d\000\040\000l\000o\000c\000a\000l\000\040\000c\000o\000n\000c\000e\000n\000t\000r\000a\000t\000i\000o\000n}{}% 21
\BOOKMARK [1][-]{section.11}{\376\377\0001\0001\000.\000\040\000T\000h\000e\000\040\000T\000y\000p\000e\000\040\000I\000\040\000b\000l\000o\000w\000-\000u\000p\000\040\000s\000e\000q\000u\000e\000n\000c\000e\000\040\000a\000n\000d\000\040\000c\000o\000m\000p\000a\000c\000t\000n\000e\000s\000s}{}% 22
\BOOKMARK [2][-]{subsection.11.1}{\376\377\0001\0001\000.\0001\000.\000\040\000T\000h\000e\000\040\000r\000e\000s\000c\000a\000l\000e\000d\000\040\000s\000e\000q\000u\000e\000n\000c\000e}{section.11}% 23
\BOOKMARK [2][-]{subsection.11.2}{\376\377\0001\0001\000.\0002\000.\000\040\000I\000n\000h\000e\000r\000i\000t\000e\000d\000\040\000T\000y\000p\000e\000\040\000I\000\040\000b\000o\000u\000n\000d\000s}{section.11}% 24
\BOOKMARK [2][-]{subsection.11.3}{\376\377\0001\0001\000.\0003\000.\000\040\000L\000o\000c\000a\000l\000\040\000e\000n\000e\000r\000g\000y\000,\000\040\000p\000r\000e\000s\000s\000u\000r\000e\000,\000\040\000a\000n\000d\000\040\000t\000i\000m\000e\000-\000d\000e\000r\000i\000v\000a\000t\000i\000v\000e\000\040\000e\000s\000t\000i\000m\000a\000t\000e\000s}{section.11}% 25
\BOOKMARK [2][-]{subsection.11.4}{\376\377\0001\0001\000.\0004\000.\000\040\000C\000o\000m\000p\000a\000c\000t\000n\000e\000s\000s\000\040\000a\000w\000a\000y\000\040\000f\000r\000o\000m\000\040\000t\000h\000e\000\040\000t\000e\000r\000m\000i\000n\000a\000l\000\040\000t\000i\000m\000e}{section.11}% 26
\BOOKMARK [2][-]{subsection.11.5}{\376\377\0001\0001\000.\0005\000.\000\040\000T\000h\000e\000\040\000a\000n\000c\000i\000e\000n\000t\000\040\000s\000u\000i\000t\000a\000b\000l\000e\000\040\000w\000e\000a\000k\000\040\000l\000i\000m\000i\000t}{section.11}% 27
\BOOKMARK [1][-]{section.12}{\376\377\0001\0002\000.\000\040\000P\000e\000r\000s\000i\000s\000t\000e\000n\000c\000e\000\040\000o\000f\000\040\000c\000o\000n\000c\000e\000n\000t\000r\000a\000t\000i\000o\000n\000\040\000a\000n\000d\000\040\000n\000o\000n\000t\000r\000i\000v\000i\000a\000l\000i\000t\000y}{}% 28
\BOOKMARK [2][-]{subsection.12.1}{\376\377\0001\0002\000.\0001\000.\000\040\000P\000e\000r\000s\000i\000s\000t\000e\000n\000c\000e\000\040\000o\000f\000\040\000c\000o\000n\000c\000e\000n\000t\000r\000a\000t\000i\000o\000n\000\040\000a\000w\000a\000y\000\040\000f\000r\000o\000m\000\040\000t\000h\000e\000\040\000t\000e\000r\000m\000i\000n\000a\000l\000\040\000t\000i\000m\000e}{section.12}% 29
\BOOKMARK [2][-]{subsection.12.2}{\376\377\0001\0002\000.\0002\000.\000\040\000S\000c\000a\000l\000e\000\040\000s\000e\000l\000e\000c\000t\000i\000o\000n}{section.12}% 30
\BOOKMARK [2][-]{subsection.12.3}{\376\377\0001\0002\000.\0003\000.\000\040\000N\000o\000n\000z\000e\000r\000o\000\040\000a\000n\000c\000i\000e\000n\000t\000\040\000l\000i\000m\000i\000t\000s}{section.12}% 31
\BOOKMARK [1][-]{section.13}{\376\377\0001\0003\000.\000\040\000C\000e\000n\000t\000e\000r\000e\000d\000\040\000v\000a\000r\000i\000a\000b\000l\000e\000s\000\040\000a\000n\000d\000\040\000n\000o\000r\000m\000a\000l\000i\000z\000e\000d\000\040\000S\000e\000r\000e\000g\000i\000n\000\040\000l\000i\000m\000i\000t\000s}{}% 32
\BOOKMARK [2][-]{subsection.13.1}{\376\377\0001\0003\000.\0001\000.\000\040\000T\000h\000e\000\040\000c\000e\000n\000t\000e\000r\000e\000d\000\040\000s\000e\000l\000f\000-\000s\000i\000m\000i\000l\000a\000r\000\040\000e\000q\000u\000a\000t\000i\000o\000n}{section.13}% 33
\BOOKMARK [2][-]{subsection.13.2}{\376\377\0001\0003\000.\0002\000.\000\040\000B\000o\000u\000n\000d\000e\000d\000n\000e\000s\000s\000,\000\040\000s\000m\000o\000o\000t\000h\000n\000e\000s\000s\000,\000\040\000a\000n\000d\000\040\000l\000o\000c\000a\000l\000\040\000e\000n\000e\000r\000g\000y}{section.13}% 34
\BOOKMARK [2][-]{subsection.13.3}{\376\377\0001\0003\000.\0003\000.\000\040\000N\000o\000r\000m\000a\000l\000i\000z\000e\000d\000\040\000S\000e\000r\000e\000g\000i\000n\000\040\000a\000n\000c\000i\000e\000n\000t\000\040\000l\000i\000m\000i\000t\000s}{section.13}% 35
\BOOKMARK [1][-]{section.14}{\376\377\0001\0004\000.\000\040\000L\000i\000o\000u\000v\000i\000l\000l\000e\000\040\000c\000l\000a\000s\000s\000e\000s\000\040\000a\000n\000d\000\040\000t\000h\000e\000\040\000r\000e\000m\000a\000i\000n\000i\000n\000g\000\040\000c\000l\000a\000s\000s}{}% 36
\BOOKMARK [1][-]{section.15}{\376\377\0001\0005\000.\000\040\000L\000i\000o\000u\000v\000i\000l\000l\000e\000\040\000h\000y\000p\000o\000t\000h\000e\000s\000e\000s\000\040\000a\000n\000d\000\040\000c\000l\000a\000s\000s\000\040\000e\000x\000c\000l\000u\000s\000i\000o\000n\000s}{}% 37
\BOOKMARK [1][-]{section.16}{\376\377\0001\0006\000.\000\040\000T\000h\000e\000\040\000r\000e\000m\000a\000i\000n\000i\000n\000g\000-\000c\000a\000s\000e\000\040\000c\000r\000i\000t\000e\000r\000i\000o\000n}{}% 38
\BOOKMARK [1][-]{section.17}{\376\377\0001\0007\000.\000\040\000E\000l\000e\000m\000e\000n\000t\000a\000r\000y\000\040\000s\000y\000m\000m\000e\000t\000r\000i\000e\000s\000\040\000o\000f\000\040\000t\000h\000e\000\040\000c\000e\000n\000t\000e\000r\000e\000d\000\040\000e\000q\000u\000a\000t\000i\000o\000n}{}% 39
\BOOKMARK [1][-]{section*.7}{\376\377\000P\000a\000r\000t\000\040\000I\000I\000I\000.\000\040\000U\000n\000i\000f\000o\000r\000m\000l\000y\000\040\000T\000i\000g\000h\000t\000\040\000A\000n\000c\000i\000e\000n\000t\000\040\000D\000y\000n\000a\000m\000i\000c\000s}{}% 40
\BOOKMARK [2][-]{section*.8}{\376\377\000O\000v\000e\000r\000v\000i\000e\000w}{section*.7}% 41
\BOOKMARK [1][-]{section.18}{\376\377\0001\0008\000.\000\040\000I\000n\000t\000r\000o\000d\000u\000c\000t\000i\000o\000n\000\040\000a\000n\000d\000\040\000m\000a\000i\000n\000\040\000r\000e\000s\000u\000l\000t\000s}{}% 42
\BOOKMARK [2][-]{subsection.18.1}{\376\377\0001\0008\000.\0001\000.\000\040\000T\000h\000e\000\040\000u\000n\000i\000f\000o\000r\000m\000l\000y\000\040\000t\000i\000g\000h\000t\000\040\000a\000n\000c\000i\000e\000n\000t\000\040\000c\000l\000a\000s\000s}{section.18}% 43
\BOOKMARK [2][-]{subsection.18.2}{\376\377\0001\0008\000.\0002\000.\000\040\000M\000i\000n\000i\000m\000a\000l\000\040\000e\000l\000e\000m\000e\000n\000t\000s\000\040\000a\000n\000d\000\040\000c\000o\000m\000p\000a\000c\000t\000\040\000h\000u\000l\000l\000s}{section.18}% 44
\BOOKMARK [2][-]{subsection.18.3}{\376\377\0001\0008\000.\0003\000.\000\040\000I\000n\000v\000a\000r\000i\000a\000n\000t\000\040\000m\000e\000a\000s\000u\000r\000e\000s\000\040\000a\000n\000d\000\040\000c\000o\000v\000a\000r\000i\000a\000n\000c\000e}{section.18}% 45
\BOOKMARK [2][-]{subsection.18.4}{\376\377\0001\0008\000.\0004\000.\000\040\000E\000n\000d\000p\000o\000i\000n\000t\000\040\000L\0003\000\040\000c\000l\000o\000s\000u\000r\000e\000\040\000o\000f\000\040\000t\000h\000e\000\040\000t\000i\000g\000h\000t\000\040\000c\000l\000a\000s\000s}{section.18}% 46
\BOOKMARK [2][-]{subsection.18.5}{\376\377\0001\0008\000.\0005\000.\000\040\000M\000a\000i\000n\000\040\000r\000e\000s\000u\000l\000t\000s}{section.18}% 47
\BOOKMARK [2][-]{subsection.18.6}{\376\377\0001\0008\000.\0006\000.\000\040\000R\000e\000l\000a\000t\000i\000o\000n\000\040\000t\000o\000\040\000t\000h\000e\000\040\000T\000y\000p\000e\000\040\000I\000\040\000r\000e\000d\000u\000c\000t\000i\000o\000n}{section.18}% 48
\BOOKMARK [2][-]{subsection.18.7}{\376\377\0001\0008\000.\0007\000.\000\040\000O\000r\000g\000a\000n\000i\000z\000a\000t\000i\000o\000n}{section.18}% 49
\BOOKMARK [1][-]{section.19}{\376\377\0001\0009\000.\000\040\000C\000e\000n\000t\000e\000r\000e\000d\000\040\000a\000n\000c\000i\000e\000n\000t\000\040\000s\000o\000l\000u\000t\000i\000o\000n\000s\000\040\000a\000n\000d\000\040\000t\000h\000e\000\040\000l\000o\000c\000a\000l\000\040\000s\000m\000o\000o\000t\000h\000\040\000t\000o\000p\000o\000l\000o\000g\000y}{}% 50
\BOOKMARK [2][-]{subsection.19.1}{\376\377\0001\0009\000.\0001\000.\000\040\000T\000h\000e\000\040\000c\000e\000n\000t\000e\000r\000e\000d\000\040\000e\000q\000u\000a\000t\000i\000o\000n}{section.19}% 51
\BOOKMARK [2][-]{subsection.19.2}{\376\377\0001\0009\000.\0002\000.\000\040\000T\000h\000e\000\040\000O\000r\000n\000s\000t\000e\000i\000n\040\023\000U\000h\000l\000e\000n\000b\000e\000c\000k\040\023\000S\000t\000o\000k\000e\000s\000\040\000s\000e\000m\000i\000g\000r\000o\000u\000p}{section.19}% 52
\BOOKMARK [2][-]{subsection.19.3}{\376\377\0001\0009\000.\0003\000.\000\040\000R\000i\000e\000s\000z\000\040\000t\000r\000a\000n\000s\000f\000o\000r\000m\000\040\000c\000o\000n\000v\000e\000n\000t\000i\000o\000n}{section.19}% 53
\BOOKMARK [2][-]{subsection.19.4}{\376\377\0001\0009\000.\0004\000.\000\040\000B\000o\000u\000n\000d\000e\000d\000\040\000m\000i\000l\000d\000\040\000a\000n\000c\000i\000e\000n\000t\000\040\000s\000o\000l\000u\000t\000i\000o\000n\000s}{section.19}% 54
\BOOKMARK [2][-]{subsection.19.5}{\376\377\0001\0009\000.\0005\000.\000\040\000T\000i\000m\000e\000\040\000t\000r\000a\000n\000s\000l\000a\000t\000i\000o\000n}{section.19}% 55
\BOOKMARK [2][-]{subsection.19.6}{\376\377\0001\0009\000.\0006\000.\000\040\000T\000h\000e\000\040\000l\000o\000c\000a\000l\000l\000y\000\040\000s\000m\000o\000o\000t\000h\000\040\000t\000o\000p\000o\000l\000o\000g\000y}{section.19}% 56
\BOOKMARK [1][-]{section.20}{\376\377\0002\0000\000.\000\040\000S\000m\000o\000o\000t\000h\000i\000n\000g\000,\000\040\000p\000r\000e\000s\000s\000u\000r\000e\000\040\000r\000e\000c\000o\000n\000s\000t\000r\000u\000c\000t\000i\000o\000n\000,\000\040\000a\000n\000d\000\040\000c\000o\000m\000p\000a\000c\000t\000n\000e\000s\000s}{}% 57
\BOOKMARK [2][-]{subsection.20.1}{\376\377\0002\0000\000.\0001\000.\000\040\000L\000o\000c\000a\000l\000\040\000s\000m\000o\000o\000t\000h\000i\000n\000g}{section.20}% 58
\BOOKMARK [2][-]{subsection.20.2}{\376\377\0002\0000\000.\0002\000.\000\040\000P\000r\000e\000s\000s\000u\000r\000e\000\040\000r\000e\000c\000o\000n\000s\000t\000r\000u\000c\000t\000i\000o\000n}{section.20}% 59
\BOOKMARK [2][-]{subsection.20.3}{\376\377\0002\0000\000.\0003\000.\000\040\000S\000t\000a\000b\000i\000l\000i\000t\000y\000\040\000u\000n\000d\000e\000r\000\040\000l\000o\000c\000a\000l\000l\000y\000\040\000s\000m\000o\000o\000t\000h\000\040\000l\000i\000m\000i\000t\000s}{section.20}% 60
\BOOKMARK [2][-]{subsection.20.4}{\376\377\0002\0000\000.\0004\000.\000\040\000C\000o\000m\000p\000a\000c\000t\000n\000e\000s\000s\000\040\000o\000f\000\040\000b\000o\000u\000n\000d\000e\000d\000\040\000f\000a\000m\000i\000l\000i\000e\000s}{section.20}% 61
\BOOKMARK [1][-]{section.21}{\376\377\0002\0001\000.\000\040\000U\000n\000i\000f\000o\000r\000m\000\040\000L\0003\000-\000t\000i\000g\000h\000t\000n\000e\000s\000s\000\040\000a\000n\000d\000\040\000s\000t\000a\000t\000i\000o\000n\000a\000r\000y\000\040\000L\0003\000\040\000r\000i\000g\000i\000d\000i\000t\000y}{}% 62
\BOOKMARK [2][-]{subsection.21.1}{\376\377\0002\0001\000.\0001\000.\000\040\000U\000n\000i\000f\000o\000r\000m\000\040\000L\0003\000-\000t\000i\000g\000h\000t\000n\000e\000s\000s}{section.21}% 63
\BOOKMARK [2][-]{subsection.21.2}{\376\377\0002\0001\000.\0002\000.\000\040\000C\000l\000o\000s\000e\000d\000n\000e\000s\000s\000\040\000u\000n\000d\000e\000r\000\040\000l\000o\000c\000a\000l\000l\000y\000\040\000s\000m\000o\000o\000t\000h\000\040\000c\000o\000n\000v\000e\000r\000g\000e\000n\000c\000e}{section.21}% 64
\BOOKMARK [2][-]{subsection.21.3}{\376\377\0002\0001\000.\0003\000.\000\040\000S\000t\000a\000t\000i\000o\000n\000a\000r\000y\000\040\000t\000i\000m\000e\000-\000t\000r\000a\000n\000s\000l\000a\000t\000e\000\040\000l\000i\000m\000i\000t\000s}{section.21}% 65
\BOOKMARK [2][-]{subsection.21.4}{\376\377\0002\0001\000.\0004\000.\000\040\000S\000t\000a\000t\000i\000o\000n\000a\000r\000y\000\040\000s\000e\000l\000f\000-\000s\000i\000m\000i\000l\000a\000r\000\040\000r\000i\000g\000i\000d\000i\000t\000y}{section.21}% 66
\BOOKMARK [1][-]{section.22}{\376\377\0002\0002\000.\000\040\000N\000o\000r\000m\000a\000l\000i\000z\000e\000d\000\040\000c\000o\000l\000l\000e\000c\000t\000i\000o\000n\000s\000\040\000a\000n\000d\000\040\000m\000i\000n\000i\000m\000a\000l\000\040\000a\000n\000c\000i\000e\000n\000t\000\040\000s\000o\000l\000u\000t\000i\000o\000n\000s}{}% 67
\BOOKMARK [2][-]{subsection.22.1}{\376\377\0002\0002\000.\0001\000.\000\040\000C\000l\000o\000s\000e\000d\000\040\000n\000o\000r\000m\000a\000l\000i\000z\000e\000d\000\040\000c\000o\000l\000l\000e\000c\000t\000i\000o\000n\000s}{section.22}% 68
\BOOKMARK [2][-]{subsection.22.2}{\376\377\0002\0002\000.\0002\000.\000\040\000T\000i\000m\000e\000-\000c\000e\000n\000t\000e\000r\000i\000n\000g}{section.22}% 69
\BOOKMARK [2][-]{subsection.22.3}{\376\377\0002\0002\000.\0003\000.\000\040\000S\000t\000a\000b\000i\000l\000i\000t\000y\000\040\000o\000f\000\040\000l\000o\000c\000a\000l\000\040\000n\000o\000n\000v\000a\000n\000i\000s\000h\000i\000n\000g}{section.22}% 70
\BOOKMARK [2][-]{subsection.22.4}{\376\377\0002\0002\000.\0004\000.\000\040\000L\000o\000w\000e\000r\000\040\000s\000e\000m\000i\000c\000o\000n\000t\000i\000n\000u\000i\000t\000y\000\040\000o\000f\000\040\000s\000i\000z\000e}{section.22}% 71
\BOOKMARK [2][-]{subsection.22.5}{\376\377\0002\0002\000.\0005\000.\000\040\000E\000x\000i\000s\000t\000e\000n\000c\000e\000\040\000o\000f\000\040\000a\000\040\000m\000i\000n\000i\000m\000a\000l\000\040\000e\000l\000e\000m\000e\000n\000t}{section.22}% 72
\BOOKMARK [2][-]{subsection.22.6}{\376\377\0002\0002\000.\0006\000.\000\040\000T\000h\000e\000\040\000u\000n\000i\000f\000o\000r\000m\000l\000y\000\040\000t\000i\000g\000h\000t\000\040\000n\000o\000r\000m\000a\000l\000i\000z\000e\000d\000\040\000c\000l\000a\000s\000s}{section.22}% 73
\BOOKMARK [1][-]{section.23}{\376\377\0002\0003\000.\000\040\000C\000o\000m\000p\000a\000c\000t\000\040\000t\000r\000a\000j\000e\000c\000t\000o\000r\000y\000\040\000h\000u\000l\000l\000s}{}% 74
\BOOKMARK [2][-]{subsection.23.1}{\376\377\0002\0003\000.\0001\000.\000\040\000T\000r\000a\000j\000e\000c\000t\000o\000r\000y\000\040\000h\000u\000l\000l\000s}{section.23}% 75
\BOOKMARK [2][-]{subsection.23.2}{\376\377\0002\0003\000.\0002\000.\000\040\000C\000o\000m\000p\000a\000c\000t\000n\000e\000s\000s\000\040\000o\000f\000\040\000b\000o\000u\000n\000d\000e\000d\000\040\000h\000u\000l\000l\000s}{section.23}% 76
\BOOKMARK [2][-]{subsection.23.3}{\376\377\0002\0003\000.\0003\000.\000\040\000C\000o\000m\000p\000a\000c\000t\000\040\000i\000n\000v\000a\000r\000i\000a\000n\000t\000\040\000s\000e\000t\000s}{section.23}% 77
\BOOKMARK [2][-]{subsection.23.4}{\376\377\0002\0003\000.\0004\000.\000\040\000M\000i\000n\000i\000m\000a\000l\000\040\000c\000o\000m\000p\000a\000c\000t\000\040\000i\000n\000v\000a\000r\000i\000a\000n\000t\000\040\000s\000u\000b\000s\000e\000t\000s}{section.23}% 78
\BOOKMARK [2][-]{subsection.23.5}{\376\377\0002\0003\000.\0005\000.\000\040\000T\000h\000e\000\040\000z\000e\000r\000o\000\040\000t\000r\000a\000j\000e\000c\000t\000o\000r\000y}{section.23}% 79
\BOOKMARK [1][-]{section.24}{\376\377\0002\0004\000.\000\040\000I\000n\000v\000a\000r\000i\000a\000n\000t\000\040\000m\000e\000a\000s\000u\000r\000e\000s\000\040\000a\000n\000d\000\040\000t\000h\000e\000\040\000c\000o\000v\000a\000r\000i\000a\000n\000c\000e\000\040\000o\000b\000s\000t\000r\000u\000c\000t\000i\000o\000n}{}% 80
\BOOKMARK [2][-]{subsection.24.1}{\376\377\0002\0004\000.\0001\000.\000\040\000K\000r\000y\000l\000o\000v\040\023\000B\000o\000g\000o\000l\000y\000u\000b\000o\000v\000\040\000a\000v\000e\000r\000a\000g\000e\000s}{section.24}% 81
\BOOKMARK [2][-]{subsection.24.2}{\376\377\0002\0004\000.\0002\000.\000\040\000S\000u\000p\000p\000o\000r\000t\000\040\000o\000n\000\040\000m\000i\000n\000i\000m\000a\000l\000\040\000h\000u\000l\000l\000s}{section.24}% 82
\BOOKMARK [2][-]{subsection.24.3}{\376\377\0002\0004\000.\0003\000.\000\040\000S\000t\000a\000t\000i\000o\000n\000a\000r\000y\000\040\000s\000t\000a\000t\000i\000s\000t\000i\000c\000a\000l\000\040\000i\000d\000e\000n\000t\000i\000t\000y}{section.24}% 83
\BOOKMARK [2][-]{subsection.24.4}{\376\377\0002\0004\000.\0004\000.\000\040\000B\000a\000r\000y\000c\000e\000n\000t\000e\000r\000\040\000a\000n\000d\000\040\000c\000o\000v\000a\000r\000i\000a\000n\000c\000e}{section.24}% 84
\BOOKMARK [1][-]{section.25}{\376\377\0002\0005\000.\000\040\000E\000n\000d\000p\000o\000i\000n\000t\000\040\000L\0003\000\040\000c\000l\000o\000s\000u\000r\000e\000\040\000o\000f\000\040\000t\000h\000e\000\040\000u\000n\000i\000f\000o\000r\000m\000l\000y\000\040\000t\000i\000g\000h\000t\000\040\000c\000l\000a\000s\000s}{}% 85
\BOOKMARK [2][-]{subsection.25.1}{\376\377\0002\0005\000.\0001\000.\000\040\000P\000h\000y\000s\000i\000c\000a\000l\000\040\000p\000u\000l\000l\000b\000a\000c\000k}{section.25}% 86
\BOOKMARK [2][-]{subsection.25.2}{\376\377\0002\0005\000.\0002\000.\000\040\000C\000r\000i\000t\000i\000c\000a\000l\000\040\000L\0003\000\040\000i\000n\000v\000a\000r\000i\000a\000n\000c\000e}{section.25}% 87
\BOOKMARK [2][-]{subsection.25.3}{\376\377\0002\0005\000.\0003\000.\000\040\000M\000i\000l\000d\000n\000e\000s\000s\000\040\000a\000f\000t\000e\000r\000\040\000f\000i\000n\000i\000t\000e\000\040\000t\000e\000r\000m\000i\000n\000a\000l\000-\000t\000i\000m\000e\000\040\000r\000e\000s\000t\000r\000i\000c\000t\000i\000o\000n}{section.25}% 88
\BOOKMARK [2][-]{subsection.25.4}{\376\377\0002\0005\000.\0004\000.\000\040\000E\000n\000d\000p\000o\000i\000n\000t\000\040\000L\0003\000\040\000a\000n\000c\000i\000e\000n\000t\000\040\000L\000i\000o\000u\000v\000i\000l\000l\000e\000\040\000t\000h\000e\000o\000r\000e\000m}{section.25}% 89
\BOOKMARK [1][-]{section.26}{\376\377\0002\0006\000.\000\040\000T\000i\000g\000h\000t\000-\000C\000l\000a\000s\000s\000\040\000L\000i\000o\000u\000v\000i\000l\000l\000e\000\040\000C\000r\000i\000t\000e\000r\000i\000o\000n\000\040\000a\000n\000d\000\040\000T\000y\000p\000e\000\040\000I\000\040\000R\000e\000d\000u\000c\000t\000i\000o\000n}{}% 90
\BOOKMARK [2][-]{subsection.26.1}{\376\377\0002\0006\000.\0001\000.\000\040\000N\000o\000r\000m\000a\000l\000i\000z\000e\000d\000\040\000t\000i\000g\000h\000t\000\040\000c\000o\000l\000l\000e\000c\000t\000i\000o\000n\000s}{section.26}% 91
\BOOKMARK [2][-]{subsection.26.2}{\376\377\0002\0006\000.\0002\000.\000\040\000U\000s\000e\000\040\000i\000n\000\040\000t\000h\000e\000\040\000T\000y\000p\000e\000\040\000I\000\040\000r\000e\000d\000u\000c\000t\000i\000o\000n}{section.26}% 92
\BOOKMARK [1][-]{section*.9}{\376\377\000P\000a\000r\000t\000\040\000I\000V\000.\000\040\000S\000t\000r\000u\000c\000t\000u\000r\000e\000d\000\040\000A\000n\000c\000i\000e\000n\000t\000\040\000S\000o\000l\000u\000t\000i\000o\000n\000\040\000E\000x\000c\000l\000u\000s\000i\000o\000n\000s}{}% 93
\BOOKMARK [2][-]{section*.10}{\376\377\000O\000v\000e\000r\000v\000i\000e\000w}{section*.9}% 94
\BOOKMARK [1][-]{section.27}{\376\377\0002\0007\000.\000\040\000I\000n\000t\000r\000o\000d\000u\000c\000t\000i\000o\000n}{}% 95
\BOOKMARK [2][-]{subsection.27.1}{\376\377\0002\0007\000.\0001\000.\000\040\000A\000n\000c\000i\000e\000n\000t\000\040\000s\000o\000l\000u\000t\000i\000o\000n\000s\000\040\000f\000r\000o\000m\000\040\000T\000y\000p\000e\000\040\000I\000\040\000b\000l\000o\000w\000-\000u\000p}{section.27}% 96
\BOOKMARK [2][-]{subsection.27.2}{\376\377\0002\0007\000.\0002\000.\000\040\000A\000x\000i\000s\000y\000m\000m\000e\000t\000r\000i\000c\000\040\000L\000i\000o\000u\000v\000i\000l\000l\000e\000\040\000h\000y\000p\000o\000t\000h\000e\000s\000e\000s}{section.27}% 97
\BOOKMARK [2][-]{subsection.27.3}{\376\377\0002\0007\000.\0003\000.\000\040\000L\000y\000a\000p\000u\000n\000o\000v\000\040\000h\000y\000p\000o\000t\000h\000e\000s\000e\000s}{section.27}% 98
\BOOKMARK [2][-]{subsection.27.4}{\376\377\0002\0007\000.\0004\000.\000\040\000M\000a\000i\000n\000\040\000r\000e\000s\000u\000l\000t\000s}{section.27}% 99
\BOOKMARK [2][-]{subsection.27.5}{\376\377\0002\0007\000.\0005\000.\000\040\000R\000e\000l\000a\000t\000i\000o\000n\000\040\000t\000o\000\040\000t\000h\000e\000\040\000p\000r\000e\000c\000e\000d\000i\000n\000g\000\040\000p\000a\000r\000t\000s}{section.27}% 100
\BOOKMARK [2][-]{subsection.27.6}{\376\377\0002\0007\000.\0006\000.\000\040\000S\000u\000m\000m\000a\000r\000y\000\040\000o\000f\000\040\000h\000y\000p\000o\000t\000h\000e\000s\000e\000s}{section.27}% 101
\BOOKMARK [2][-]{subsection.27.7}{\376\377\0002\0007\000.\0007\000.\000\040\000O\000r\000g\000a\000n\000i\000z\000a\000t\000i\000o\000n}{section.27}% 102
\BOOKMARK [1][-]{section.28}{\376\377\0002\0008\000.\000\040\000A\000n\000c\000i\000e\000n\000t\000\040\000T\000y\000p\000e\000\040\000I\000\040\000l\000i\000m\000i\000t\000s\000\040\000a\000n\000d\000\040\000s\000e\000l\000f\000-\000s\000i\000m\000i\000l\000a\000r\000\040\000v\000a\000r\000i\000a\000b\000l\000e\000s}{}% 103
\BOOKMARK [2][-]{subsection.28.1}{\376\377\0002\0008\000.\0001\000.\000\040\000T\000y\000p\000e\000\040\000I\000\040\000a\000n\000c\000i\000e\000n\000t\000\040\000s\000o\000l\000u\000t\000i\000o\000n\000s}{section.28}% 104
\BOOKMARK [2][-]{subsection.28.2}{\376\377\0002\0008\000.\0002\000.\000\040\000N\000o\000n\000z\000e\000r\000o\000\040\000T\000y\000p\000e\000\040\000I\000\040\000b\000l\000o\000w\000-\000u\000p\000\040\000l\000i\000m\000i\000t\000s}{section.28}% 105
\BOOKMARK [2][-]{subsection.28.3}{\376\377\0002\0008\000.\0003\000.\000\040\000B\000a\000c\000k\000w\000a\000r\000d\000\040\000s\000e\000l\000f\000-\000s\000i\000m\000i\000l\000a\000r\000\040\000v\000a\000r\000i\000a\000b\000l\000e\000s}{section.28}% 106
\BOOKMARK [2][-]{subsection.28.4}{\376\377\0002\0008\000.\0004\000.\000\040\000P\000r\000e\000s\000e\000r\000v\000a\000t\000i\000o\000n\000\040\000o\000f\000\040\000a\000x\000i\000s\000y\000m\000m\000e\000t\000r\000y\000\040\000a\000n\000d\000\040\000s\000w\000i\000r\000l\000\040\000v\000a\000r\000i\000a\000b\000l\000e\000s}{section.28}% 107
\BOOKMARK [2][-]{subsection.28.5}{\376\377\0002\0008\000.\0005\000.\000\040\000T\000i\000m\000e\000\040\000s\000h\000i\000f\000t\000s\000\040\000a\000w\000a\000y\000\040\000f\000r\000o\000m\000\040\000t\000h\000e\000\040\000s\000i\000n\000g\000u\000l\000a\000r\000\040\000t\000i\000m\000e}{section.28}% 108
\BOOKMARK [2][-]{subsection.28.6}{\376\377\0002\0008\000.\0006\000.\000\040\000P\000D\000E\000\040\000h\000y\000p\000o\000t\000h\000e\000s\000e\000s}{section.28}% 109
\BOOKMARK [1][-]{section.29}{\376\377\0002\0009\000.\000\040\000A\000x\000i\000s\000y\000m\000m\000e\000t\000r\000i\000c\000\040\000n\000o\000t\000a\000t\000i\000o\000n\000\040\000a\000n\000d\000\040\000c\000i\000t\000e\000d\000\040\000L\000i\000o\000u\000v\000i\000l\000l\000e\000\040\000t\000h\000e\000o\000r\000e\000m\000s}{}% 110
\BOOKMARK [2][-]{subsection.29.1}{\376\377\0002\0009\000.\0001\000.\000\040\000C\000y\000l\000i\000n\000d\000r\000i\000c\000a\000l\000\040\000v\000a\000r\000i\000a\000b\000l\000e\000s\000\040\000a\000n\000d\000\040\000t\000h\000e\000\040\000s\000w\000i\000r\000l\000\040\000s\000c\000a\000l\000a\000r}{section.29}% 111
\BOOKMARK [2][-]{subsection.29.2}{\376\377\0002\0009\000.\0002\000.\000\040\000C\000o\000n\000s\000t\000a\000n\000t\000\040\000s\000o\000l\000u\000t\000i\000o\000n\000s\000\040\000a\000n\000d\000\040\000G\000a\000l\000i\000l\000e\000a\000n\000\040\000r\000e\000d\000u\000c\000t\000i\000o\000n}{section.29}% 112
\BOOKMARK [2][-]{subsection.29.3}{\376\377\0002\0009\000.\0003\000.\000\040\000C\000i\000t\000e\000d\000\040\000L\000i\000o\000u\000v\000i\000l\000l\000e\000\040\000t\000h\000e\000o\000r\000e\000m\000s}{section.29}% 113
\BOOKMARK [1][-]{section.30}{\376\377\0003\0000\000.\000\040\000U\000n\000f\000o\000r\000c\000e\000d\000\040\000a\000x\000i\000s\000y\000m\000m\000e\000t\000r\000i\000c\000\040\000L\000i\000o\000u\000v\000i\000l\000l\000e\000\040\000c\000o\000n\000s\000e\000q\000u\000e\000n\000c\000e\000s}{}% 114
\BOOKMARK [2][-]{subsection.30.1}{\376\377\0003\0000\000.\0001\000.\000\040\000N\000o\000\040\000s\000w\000i\000r\000l}{section.30}% 115
\BOOKMARK [2][-]{subsection.30.2}{\376\377\0003\0000\000.\0002\000.\000\040\000P\000o\000i\000n\000t\000w\000i\000s\000e\000\040\000s\000c\000a\000l\000e\000-\000i\000n\000v\000a\000r\000i\000a\000n\000t\000\040\000c\000o\000n\000t\000r\000o\000l}{section.30}% 116
\BOOKMARK [2][-]{subsection.30.3}{\376\377\0003\0000\000.\0003\000.\000\040\000F\000i\000n\000i\000t\000e\000\040\000L\000p\000\040\000c\000o\000n\000t\000r\000o\000l\000\040\000o\000f\000\040\000G\000a\000m\000m\000a}{section.30}% 117
\BOOKMARK [2][-]{subsection.30.4}{\376\377\0003\0000\000.\0004\000.\000\040\000P\000e\000r\000i\000o\000d\000i\000c\000\040\000b\000o\000u\000n\000d\000e\000d\000\040\000s\000w\000i\000r\000l}{section.30}% 118
\BOOKMARK [2][-]{subsection.30.5}{\376\377\0003\0000\000.\0005\000.\000\040\000P\000r\000o\000o\000f\000\040\000o\000f\000\040\000t\000h\000e\000\040\000a\000x\000i\000s\000y\000m\000m\000e\000t\000r\000i\000c\000\040\000L\000i\000o\000u\000v\000i\000l\000l\000e\000\040\000t\000h\000e\000o\000r\000e\000m}{section.30}% 119
\BOOKMARK [1][-]{section.31}{\376\377\0003\0001\000.\000\040\000P\000e\000r\000t\000u\000r\000b\000a\000t\000i\000v\000e\000\040\000w\000e\000i\000g\000h\000t\000e\000d\000-\000v\000o\000r\000t\000i\000c\000i\000t\000y\000\040\000L\000y\000a\000p\000u\000n\000o\000v\000\040\000r\000i\000g\000i\000d\000i\000t\000y}{}% 120
\BOOKMARK [2][-]{subsection.31.1}{\376\377\0003\0001\000.\0001\000.\000\040\000T\000h\000e\000\040\000r\000e\000s\000c\000a\000l\000e\000d\000\040\000v\000o\000r\000t\000i\000c\000i\000t\000y\000\040\000e\000q\000u\000a\000t\000i\000o\000n}{section.31}% 121
\BOOKMARK [2][-]{subsection.31.2}{\376\377\0003\0001\000.\0002\000.\000\040\000G\000a\000l\000l\000a\000y\040\023\000W\000a\000y\000n\000e\000\040\000s\000m\000a\000l\000l\000-\000d\000a\000t\000a\000\040\000d\000e\000c\000a\000y}{section.31}% 122
\BOOKMARK [2][-]{subsection.31.3}{\376\377\0003\0001\000.\0003\000.\000\040\000T\000h\000e\000\040\000L\000y\000a\000p\000u\000n\000o\000v\000\040\000f\000u\000n\000c\000t\000i\000o\000n\000a\000l}{section.31}% 123
\BOOKMARK [2][-]{subsection.31.4}{\376\377\0003\0001\000.\0004\000.\000\040\000A\000n\000c\000i\000e\000n\000t\000\040\000r\000i\000g\000i\000d\000i\000t\000y\000\040\000i\000n\000\040\000t\000h\000e\000\040\000s\000m\000a\000l\000l\000\040\000w\000e\000i\000g\000h\000t\000e\000d\000\040\000b\000a\000l\000l}{section.31}% 124
\BOOKMARK [1][-]{section.32}{\376\377\0003\0002\000.\000\040\000S\000u\000m\000m\000a\000r\000y\000\040\000o\000f\000\040\000P\000D\000E\000\040\000c\000o\000n\000s\000e\000q\000u\000e\000n\000c\000e\000s}{}% 125
\BOOKMARK [2][-]{subsection.32.1}{\376\377\0003\0002\000.\0001\000.\000\040\000Z\000e\000r\000o\000\040\000c\000o\000n\000c\000l\000u\000s\000i\000o\000n\000s}{section.32}% 126
\BOOKMARK [2][-]{subsection.32.2}{\376\377\0003\0002\000.\0002\000.\000\040\000C\000o\000n\000s\000e\000q\000u\000e\000n\000c\000e\000s\000\040\000f\000o\000r\000\040\000T\000y\000p\000e\000\040\000I\000\040\000b\000l\000o\000w\000-\000u\000p\000\040\000a\000r\000g\000u\000m\000e\000n\000t\000s}{section.32}% 127
\BOOKMARK [2][-]{subsection.32.3}{\376\377\0003\0002\000.\0003\000.\000\040\000S\000u\000m\000m\000a\000r\000y\000\040\000t\000a\000b\000l\000e}{section.32}% 128
\BOOKMARK [1][-]{section*.11}{\376\377\000R\000e\000f\000e\000r\000e\000n\000c\000e\000s}{}% 129
